###############################################################################
#
# IAR ELF Linker V9.20.1.318/W64 for ARM                  06/May/2022  14:38:24
# Copyright 2007-2021 IAR Systems AB.
#
#    Output file  =  C:\Cube\Invertor\EWARM\Invertor\Exe\Invertor.out
#    Map file     =  C:\Cube\Invertor\EWARM\Invertor\List\Invertor.map
#    Command line =
#        -f C:\Cube\Invertor\EWARM\Invertor\Exe\Invertor.out.rsp
#        (C:\Cube\Invertor\EWARM\Invertor\Obj\Middlewares\LwIP\altcp.o
#        C:\Cube\Invertor\EWARM\Invertor\Obj\Middlewares\LwIP\altcp_alloc.o
#        C:\Cube\Invertor\EWARM\Invertor\Obj\Middlewares\LwIP\altcp_tcp.o
#        C:\Cube\Invertor\EWARM\Invertor\Obj\Middlewares\LwIP\api_lib.o
#        C:\Cube\Invertor\EWARM\Invertor\Obj\Middlewares\LwIP\api_msg.o
#        C:\Cube\Invertor\EWARM\Invertor\Obj\Middlewares\LwIP\auth.o
#        C:\Cube\Invertor\EWARM\Invertor\Obj\Middlewares\LwIP\autoip.o
#        C:\Cube\Invertor\EWARM\Invertor\Obj\Application\User\Core\Lib\boolean.o
#        C:\Cube\Invertor\EWARM\Invertor\Obj\Middlewares\LwIP\bridgeif.o
#        C:\Cube\Invertor\EWARM\Invertor\Obj\Middlewares\LwIP\bridgeif_fdb.o
#        C:\Cube\Invertor\EWARM\Invertor\Obj\Middlewares\LwIP\ccp.o
#        C:\Cube\Invertor\EWARM\Invertor\Obj\Middlewares\LwIP\chap-md5.o
#        C:\Cube\Invertor\EWARM\Invertor\Obj\Middlewares\LwIP\chap-new.o
#        C:\Cube\Invertor\EWARM\Invertor\Obj\Middlewares\LwIP\chap_ms.o
#        C:\Cube\Invertor\EWARM\Invertor\Obj\Middlewares\LwIP\def.o
#        C:\Cube\Invertor\EWARM\Invertor\Obj\Middlewares\LwIP\demand.o
#        C:\Cube\Invertor\EWARM\Invertor\Obj\Middlewares\LwIP\dhcp.o
#        C:\Cube\Invertor\EWARM\Invertor\Obj\Middlewares\LwIP\dhcp6.o
#        C:\Cube\Invertor\EWARM\Invertor\Obj\Middlewares\LwIP\dns.o
#        C:\Cube\Invertor\EWARM\Invertor\Obj\Middlewares\LwIP\eap.o
#        C:\Cube\Invertor\EWARM\Invertor\Obj\Middlewares\LwIP\ecp.o
#        C:\Cube\Invertor\EWARM\Invertor\Obj\Middlewares\LwIP\err.o
#        C:\Cube\Invertor\EWARM\Invertor\Obj\Middlewares\LwIP\etharp.o
#        C:\Cube\Invertor\EWARM\Invertor\Obj\Middlewares\LwIP\ethernet.o
#        C:\Cube\Invertor\EWARM\Invertor\Obj\Application\User\LWIP\Target\ethernetif.o
#        C:\Cube\Invertor\EWARM\Invertor\Obj\Middlewares\LwIP\ethip6.o
#        C:\Cube\Invertor\EWARM\Invertor\Obj\Middlewares\LwIP\eui64.o
#        C:\Cube\Invertor\EWARM\Invertor\Obj\Middlewares\LwIP\fsm.o
#        C:\Cube\Invertor\EWARM\Invertor\Obj\Middlewares\LwIP\icmp.o
#        C:\Cube\Invertor\EWARM\Invertor\Obj\Middlewares\LwIP\icmp6.o
#        C:\Cube\Invertor\EWARM\Invertor\Obj\Middlewares\LwIP\if_api.o
#        C:\Cube\Invertor\EWARM\Invertor\Obj\Middlewares\LwIP\igmp.o
#        C:\Cube\Invertor\EWARM\Invertor\Obj\Middlewares\LwIP\inet6.o
#        C:\Cube\Invertor\EWARM\Invertor\Obj\Middlewares\LwIP\inet_chksum.o
#        C:\Cube\Invertor\EWARM\Invertor\Obj\Middlewares\LwIP\init.o
#        C:\Cube\Invertor\EWARM\Invertor\Obj\Middlewares\LwIP\ip.o
#        C:\Cube\Invertor\EWARM\Invertor\Obj\Middlewares\LwIP\ip4.o
#        C:\Cube\Invertor\EWARM\Invertor\Obj\Middlewares\LwIP\ip4_addr.o
#        C:\Cube\Invertor\EWARM\Invertor\Obj\Middlewares\LwIP\ip4_frag.o
#        C:\Cube\Invertor\EWARM\Invertor\Obj\Middlewares\LwIP\ip6.o
#        C:\Cube\Invertor\EWARM\Invertor\Obj\Middlewares\LwIP\ip6_addr.o
#        C:\Cube\Invertor\EWARM\Invertor\Obj\Middlewares\LwIP\ip6_frag.o
#        C:\Cube\Invertor\EWARM\Invertor\Obj\Middlewares\LwIP\ipcp.o
#        C:\Cube\Invertor\EWARM\Invertor\Obj\Middlewares\LwIP\ipv6cp.o
#        C:\Cube\Invertor\EWARM\Invertor\Obj\Middlewares\LwIP\lcp.o
#        C:\Cube\Invertor\EWARM\Invertor\Obj\Middlewares\LwIP\lowpan6.o
#        C:\Cube\Invertor\EWARM\Invertor\Obj\Middlewares\LwIP\lowpan6_ble.o
#        C:\Cube\Invertor\EWARM\Invertor\Obj\Middlewares\LwIP\lowpan6_common.o
#        C:\Cube\Invertor\EWARM\Invertor\Obj\Application\User\LWIP\App\lwip.o
#        C:\Cube\Invertor\EWARM\Invertor\Obj\Middlewares\LwIP\magic.o
#        C:\Cube\Invertor\EWARM\Invertor\Obj\Application\User\Core\main.o
#        C:\Cube\Invertor\EWARM\Invertor\Obj\Middlewares\LwIP\mem.o
#        C:\Cube\Invertor\EWARM\Invertor\Obj\Middlewares\LwIP\memp.o
#        C:\Cube\Invertor\EWARM\Invertor\Obj\Middlewares\LwIP\mld6.o
#        C:\Cube\Invertor\EWARM\Invertor\Obj\Application\User\Core\Lib\modbusFunc.o
#        C:\Cube\Invertor\EWARM\Invertor\Obj\Application\User\Core\Lib\modbusGet.o
#        C:\Cube\Invertor\EWARM\Invertor\Obj\Application\User\Core\Lib\modbusRegister.o
#        C:\Cube\Invertor\EWARM\Invertor\Obj\Application\User\Core\Lib\modbusTCP.o
#        C:\Cube\Invertor\EWARM\Invertor\Obj\Middlewares\LwIP\mppe.o
#        C:\Cube\Invertor\EWARM\Invertor\Obj\Middlewares\LwIP\mqtt.o
#        C:\Cube\Invertor\EWARM\Invertor\Obj\Middlewares\LwIP\multilink.o
#        C:\Cube\Invertor\EWARM\Invertor\Obj\Middlewares\LwIP\nd6.o
#        C:\Cube\Invertor\EWARM\Invertor\Obj\Middlewares\LwIP\netbuf.o
#        C:\Cube\Invertor\EWARM\Invertor\Obj\Middlewares\LwIP\netdb.o
#        C:\Cube\Invertor\EWARM\Invertor\Obj\Middlewares\LwIP\netif.o
#        C:\Cube\Invertor\EWARM\Invertor\Obj\Middlewares\LwIP\netifapi.o
#        C:\Cube\Invertor\EWARM\Invertor\Obj\Middlewares\LwIP\pbuf.o
#        C:\Cube\Invertor\EWARM\Invertor\Obj\Middlewares\LwIP\ppp.o
#        C:\Cube\Invertor\EWARM\Invertor\Obj\Middlewares\LwIP\pppapi.o
#        C:\Cube\Invertor\EWARM\Invertor\Obj\Middlewares\LwIP\pppcrypt.o
#        C:\Cube\Invertor\EWARM\Invertor\Obj\Middlewares\LwIP\pppoe.o
#        C:\Cube\Invertor\EWARM\Invertor\Obj\Middlewares\LwIP\pppol2tp.o
#        C:\Cube\Invertor\EWARM\Invertor\Obj\Middlewares\LwIP\pppos.o
#        C:\Cube\Invertor\EWARM\Invertor\Obj\Middlewares\LwIP\raw.o
#        C:\Cube\Invertor\EWARM\Invertor\Obj\Application\User\Core\Lib\sinus.o
#        C:\Cube\Invertor\EWARM\Invertor\Obj\Middlewares\LwIP\slipif.o
#        C:\Cube\Invertor\EWARM\Invertor\Obj\Middlewares\LwIP\sockets.o
#        C:\Cube\Invertor\EWARM\Invertor\Obj\Application\EWARM\startup_stm32f429xx.o
#        C:\Cube\Invertor\EWARM\Invertor\Obj\Middlewares\LwIP\stats.o
#        C:\Cube\Invertor\EWARM\Invertor\Obj\Drivers\STM32F4xx_HAL_Driver\stm32f4xx_hal.o
#        C:\Cube\Invertor\EWARM\Invertor\Obj\Drivers\STM32F4xx_HAL_Driver\stm32f4xx_hal_cortex.o
#        C:\Cube\Invertor\EWARM\Invertor\Obj\Drivers\STM32F4xx_HAL_Driver\stm32f4xx_hal_dma.o
#        C:\Cube\Invertor\EWARM\Invertor\Obj\Drivers\STM32F4xx_HAL_Driver\stm32f4xx_hal_dma_ex.o
#        C:\Cube\Invertor\EWARM\Invertor\Obj\Drivers\STM32F4xx_HAL_Driver\stm32f4xx_hal_eth.o
#        C:\Cube\Invertor\EWARM\Invertor\Obj\Drivers\STM32F4xx_HAL_Driver\stm32f4xx_hal_exti.o
#        C:\Cube\Invertor\EWARM\Invertor\Obj\Drivers\STM32F4xx_HAL_Driver\stm32f4xx_hal_flash.o
#        C:\Cube\Invertor\EWARM\Invertor\Obj\Drivers\STM32F4xx_HAL_Driver\stm32f4xx_hal_flash_ex.o
#        C:\Cube\Invertor\EWARM\Invertor\Obj\Drivers\STM32F4xx_HAL_Driver\stm32f4xx_hal_flash_ramfunc.o
#        C:\Cube\Invertor\EWARM\Invertor\Obj\Drivers\STM32F4xx_HAL_Driver\stm32f4xx_hal_gpio.o
#        C:\Cube\Invertor\EWARM\Invertor\Obj\Application\User\Core\stm32f4xx_hal_msp.o
#        C:\Cube\Invertor\EWARM\Invertor\Obj\Drivers\STM32F4xx_HAL_Driver\stm32f4xx_hal_pwr.o
#        C:\Cube\Invertor\EWARM\Invertor\Obj\Drivers\STM32F4xx_HAL_Driver\stm32f4xx_hal_pwr_ex.o
#        C:\Cube\Invertor\EWARM\Invertor\Obj\Drivers\STM32F4xx_HAL_Driver\stm32f4xx_hal_rcc.o
#        C:\Cube\Invertor\EWARM\Invertor\Obj\Drivers\STM32F4xx_HAL_Driver\stm32f4xx_hal_rcc_ex.o
#        C:\Cube\Invertor\EWARM\Invertor\Obj\Drivers\STM32F4xx_HAL_Driver\stm32f4xx_hal_tim.o
#        C:\Cube\Invertor\EWARM\Invertor\Obj\Drivers\STM32F4xx_HAL_Driver\stm32f4xx_hal_tim_ex.o
#        C:\Cube\Invertor\EWARM\Invertor\Obj\Application\User\Core\stm32f4xx_it.o
#        C:\Cube\Invertor\EWARM\Invertor\Obj\Middlewares\LwIP\sys.o
#        C:\Cube\Invertor\EWARM\Invertor\Obj\Drivers\CMSIS\system_stm32f4xx.o
#        C:\Cube\Invertor\EWARM\Invertor\Obj\Middlewares\LwIP\tcp.o
#        C:\Cube\Invertor\EWARM\Invertor\Obj\Application\User\Core\Lib\tcp_echoserver.o
#        C:\Cube\Invertor\EWARM\Invertor\Obj\Middlewares\LwIP\tcp_in.o
#        C:\Cube\Invertor\EWARM\Invertor\Obj\Middlewares\LwIP\tcp_out.o
#        C:\Cube\Invertor\EWARM\Invertor\Obj\Middlewares\LwIP\tcpip.o
#        C:\Cube\Invertor\EWARM\Invertor\Obj\Middlewares\LwIP\timeouts.o
#        C:\Cube\Invertor\EWARM\Invertor\Obj\Middlewares\LwIP\udp.o
#        C:\Cube\Invertor\EWARM\Invertor\Obj\Middlewares\LwIP\upap.o
#        C:\Cube\Invertor\EWARM\Invertor\Obj\Middlewares\LwIP\utils.o
#        C:\Cube\Invertor\EWARM\Invertor\Obj\Middlewares\LwIP\vj.o
#        C:\Cube\Invertor\EWARM\Invertor\Obj\Middlewares\LwIP\zepif.o
#        --no_out_extension -o C:\Cube\Invertor\EWARM\Invertor\Exe\Invertor.out
#        --redirect _Printf=_PrintfFullNoMb --redirect _Scanf=_ScanfFullNoMb
#        --map C:\Cube\Invertor\EWARM\Invertor\List\Invertor.map --config
#        C:\Cube\Invertor\EWARM/stm32f429xx_flash.icf --semihosting --entry
#        __iar_program_start --vfe --text_out locale)
#
###############################################################################

*******************************************************************************
*** RUNTIME MODEL ATTRIBUTES
***

CppFlavor       = *
__CPP_Runtime   = 1
__Heap_Handler  = NoFree
__SystemLibrary = DLib
__dlib_version  = 6


*******************************************************************************
*** HEAP SELECTION
***

The no free heap was selected because no calls to memory
deallocation functions were found in the application.


*******************************************************************************
*** PLACEMENT SUMMARY
***

"A0":  place at address 0x800'0000 { ro section .intvec };
"P1":  place in [from 0x800'0000 to 0x81f'ffff] { ro };
define block CSTACK with size = 1K, alignment = 8 { };
define block HEAP with size = 512, alignment = 8 { };
"P2":  place in [from 0x2000'0000 to 0x2002'ffff] {
          rw, block CSTACK, block HEAP };
initialize by copy { rw };

  Section            Kind         Address    Size  Object
  -------            ----         -------    ----  ------
"A0":                                       0x1ac
  .intvec            ro code   0x800'0000   0x1ac  startup_stm32f429xx.o [1]
                             - 0x800'01ac   0x1ac

"P1":                                      0xdbd8
  .text              ro code   0x800'01ac  0x1458  tcp_out.o [8]
  .text              ro code   0x800'1604   0x350  netif.o [8]
  .text              ro code   0x800'1954   0x2fc  ip4.o [8]
  .text              ro code   0x800'1c50    0x28  printf.o [9]
  .text              ro code   0x800'1c78   0x150  memp.o [8]
  .text              ro code   0x800'1dc8   0x808  pbuf.o [8]
  .text              ro code   0x800'25d0  0x12b0  tcp.o [8]
  .text              ro code   0x800'3880    0x26  def.o [8]
  .text              ro code   0x800'38a6    0x3a  packbits_init_single.o [11]
  .text              ro code   0x800'38e0    0x18  ABImemcpy_small.o [11]
  .text              ro code   0x800'38f8   0x23c  udp.o [8]
  .text              ro code   0x800'3b34   0x7ac  etharp.o [8]
  .text              ro code   0x800'42e0    0x32  ip4_addr.o [8]
  .rodata            const     0x800'4312     0x2  xlocale_c.o [9]
  .text              ro code   0x800'4314   0x874  ip4_frag.o [8]
  .text              ro code   0x800'4b88  0x1410  tcp_in.o [8]
  .text              ro code   0x800'5f98   0x1b0  icmp.o [8]
  .text              ro code   0x800'6148   0xf2e  xprintffull_nomb.o [9]
  .rodata            const     0x800'7076     0x1  xlocale_c.o [9]
  .text              ro code   0x800'7078   0x484  mem.o [8]
  .text              ro code   0x800'74fc    0x9c  rand.o [9]
  .text              ro code   0x800'7598   0x1a4  timeouts.o [8]
  .text              ro code   0x800'773c     0x6  ABImemclr4.o [11]
  .text              ro code   0x800'7744   0x110  ethernet.o [8]
  .text              ro code   0x800'7854    0x16  strchr.o [11]
  .text              ro code   0x800'786c    0x40  xfail_s.o [9]
  .text              ro code   0x800'78ac    0x14  strlen_small.o [11]
  .text              ro code   0x800'78c0    0x58  memchr.o [11]
  .text              ro code   0x800'7918    0x70  frexp.o [10]
  .text              ro code   0x800'7988    0x34  DblCmpLe.o [10]
  .text              ro code   0x800'79bc    0x34  DblCmpGe.o [10]
  .text              ro code   0x800'79f0   0x13a  ldexp.o [10]
  .text              ro code   0x800'7b2c    0x36  DblToS32.o [10]
  .text              ro code   0x800'7b64    0x22  S32ToDbl.o [10]
  .text              ro code   0x800'7b88   0x25e  DblAddSub.o [10]
  .text              ro code   0x800'7de8   0x246  DblDiv.o [10]
  .text              ro code   0x800'8030    0x22  DblToU32.o [10]
  .text              ro code   0x800'8054    0x1c  U32ToDbl.o [10]
  .text              ro code   0x800'8070   0x1aa  DblMul.o [10]
  .text              ro code   0x800'821c     0x8  xlocale_c.o [9]
  .text              ro code   0x800'8224   0x106  I64DivMod_small.o [11]
  .text              ro code   0x800'832c   0x480  ethernetif.o [5]
  .text              ro code   0x800'87ac    0x32  ABImemset48.o [11]
  .text              ro code   0x800'87e0    0x1e  memcmp_small.o [11]
  .text              ro code   0x800'87fe     0x6  abort.o [9]
  .text              ro code   0x800'8804     0x2  I64DivZer.o [11]
  .text              ro code   0x800'8808   0x22c  stm32f4xx_hal_gpio.o [7]
  .text              ro code   0x800'8a34    0xc4  stm32f4xx_hal_cortex.o [7]
  .text              ro code   0x800'8af8   0x910  stm32f4xx_hal_eth.o [7]
  .text              ro code   0x800'9408     0xc  stm32f4xx_hal.o [7]
  .text              ro code   0x800'9414     0x2  ethernetif.o [5]
  .text              ro code   0x800'9418    0x14  exit.o [12]
  .text              ro code   0x800'942c   0x128  stm32f4xx_hal_rcc.o [7]
  .text              ro code   0x800'9554    0x28  stm32f4xx_hal.o [7]
  .text              ro code   0x800'957c     0x2  stm32f4xx_hal_eth.o [7]
  .text              ro code   0x800'957e     0x2  stm32f4xx_hal_eth.o [7]
  .text              ro code   0x800'9580     0x2  stm32f4xx_hal_eth.o [7]
  .text              ro code   0x800'9584    0x7c  iarttio.o [12]
  .text              ro code   0x800'9600    0x60  stm32f4xx_hal_rcc.o [7]
  .text              ro code   0x800'9660    0x40  stm32f4xx_hal.o [7]
  .text              ro code   0x800'96a0     0x8  XShttio.o [9]
  .text              ro code   0x800'96a8   0xa7a  stm32f4xx_hal_tim.o [7]
  .text              ro code   0x800'a124   0x250  stm32f4xx_hal_msp.o [2]
  .text              ro code   0x800'a374   0x390  stm32f4xx_hal_dma.o [7]
  .text              ro code   0x800'a704     0x2  stm32f4xx_hal_tim.o [7]
  .text              ro code   0x800'a706     0x2  stm32f4xx_hal_tim.o [7]
  .text              ro code   0x800'a708     0x2  stm32f4xx_hal_tim.o [7]
  .text              ro code   0x800'a70a     0x2  stm32f4xx_hal_tim_ex.o [7]
  .text              ro code   0x800'a70c     0x2  stm32f4xx_hal_tim.o [7]
  .text              ro code   0x800'a70e     0x2  stm32f4xx_hal_tim_ex.o [7]
  .text              ro code   0x800'a710     0x2  stm32f4xx_hal_tim.o [7]
  .text              ro code   0x800'a712     0x2  stm32f4xx_hal_tim.o [7]
  .text              ro code   0x800'a714     0x2  stm32f4xx_hal_tim.o [7]
  .text              ro code   0x800'a718   0x54c  main.o [2]
  .text              ro code   0x800'ac64    0x14  memset.o [11]
  .text              ro code   0x800'ac78    0x34  stm32f4xx_hal.o [7]
  .text              ro code   0x800'acac    0xe0  stm32f4xx_hal_tim_ex.o [7]
  .text              ro code   0x800'ad8c    0xd0  lwip.o [4]
  .text              ro code   0x800'ae5c   0x12c  modbusRegister.o [3]
  .text              ro code   0x800'af88   0x260  tcp_echoserver.o [3]
  .text              ro code   0x800'b1e8   0x1d4  sinus.o [3]
  .text              ro code   0x800'b3bc   0x31c  stm32f4xx_hal_rcc.o [7]
  .text              ro code   0x800'b6d8    0x66  ABImemset.o [11]
  .text              ro code   0x800'b73e    0x22  init.o [8]
  .text              ro code   0x800'b760    0x4c  no_free_heap0.o [9]
  .text              ro code   0x800'b7ac   0x12c  modbusTCP.o [3]
  .text              ro code   0x800'b8d8    0x12  math_wrappers64.o [10]
  .text              ro code   0x800'b8ec    0x2c  xgetmemchunk.o [9]
  .text              ro code   0x800'b918    0x48  modbusGet.o [3]
  .text              ro code   0x800'b960    0xe8  modbusFunc.o [3]
  .text              ro code   0x800'ba48    0x54  boolean.o [3]
  .text              ro code   0x800'ba9c   0x3f0  cos_sin64.o [10]
  .rodata            const     0x800'be8c   0x520  tcp_out.o [8]
  .rodata            const     0x800'c3ac   0x498  tcp.o [8]
  .rodata            const     0x800'c844   0x280  tcp_in.o [8]
  .rodata            const     0x800'cac4   0x274  pbuf.o [8]
  .rodata            const     0x800'cd38   0x1f4  etharp.o [8]
  .rodata            const     0x800'cf2c   0x198  mem.o [8]
  .rodata            const     0x800'd0c4   0x150  udp.o [8]
  .rodata            const     0x800'd214   0x14c  netif.o [8]
  .rodata            const     0x800'd360   0x104  icmp.o [8]
  .rodata            const     0x800'd464    0xf0  ip4_frag.o [8]
  .rodata            const     0x800'd554    0xe4  timeouts.o [8]
  .rodata            const     0x800'd638    0xb0  memp.o [8]
  .rodata            const     0x800'd6e8    0xa0  ethernet.o [8]
  .rodata            const     0x800'd788    0x9c  ip4.o [8]
  .text              ro code   0x800'd824    0x68  stm32f4xx_it.o [2]
  .text              ro code   0x800'd88c    0x10  stm32f4xx_hal.o [7]
  .rodata            const     0x800'd89c    0x54  ethernetif.o [5]
  .rodata            const     0x800'd8f0    0x54  tcp_echoserver.o [3]
  .text              ro code   0x800'd944    0x44  putchar.o [9]
  .text              ro code   0x800'd988    0x10  write.o [12]
  .text              ro code   0x800'd998    0x1e  dwrite.o [12]
  .text              ro code   0x800'd9b6    0x20  iarwstd.o [12]
  .text              ro code   0x800'd9d6    0x22  iarwrite.o [12]
  .text              ro code   0x800'd9f8    0x38  zero_init3.o [11]
  .text              ro code   0x800'da30    0x28  data_init.o [11]
  .text              ro code   0x800'da58    0x22  fpinit_M.o [10]
  .iar.init_table    const     0x800'da7c    0x20  - Linker created -
  .text              ro code   0x800'da9c    0x20  system_stm32f4xx.o [6]
  .text              ro code   0x800'dabc    0x1e  cmain.o [11]
  .text              ro code   0x800'dada     0x4  low_level_init.o [9]
  .text              ro code   0x800'dade     0x4  exit.o [9]
  .text              ro code   0x800'dae4     0xa  cexit.o [11]
  .text              ro code   0x800'daf0    0x1c  cstartup_M.o [11]
  .text              ro code   0x800'db0c    0x16  xprout.o [9]
  .text              ro code   0x800'db24    0x10  startup_stm32f429xx.o [1]
  .rodata            const     0x800'db34     0xc  memp.o [8]
  .rodata            const     0x800'db40     0xc  memp.o [8]
  .rodata            const     0x800'db4c     0xc  memp.o [8]
  .rodata            const     0x800'db58     0xc  memp.o [8]
  .rodata            const     0x800'db64     0xc  memp.o [8]
  .rodata            const     0x800'db70     0xc  memp.o [8]
  .rodata            const     0x800'db7c     0xc  memp.o [8]
  .rodata            const     0x800'db88     0xc  memp.o [8]
  .rodata            const     0x800'db94     0xc  memp.o [8]
  .rodata            const     0x800'dba0     0x8  ethernet.o [8]
  .rodata            const     0x800'dba8     0x4  ip4_addr.o [8]
  .text              ro code   0x800'dbac     0x4  startup_stm32f429xx.o [1]
  .text              ro code   0x800'dbb0     0x4  startup_stm32f429xx.o [1]
  .text              ro code   0x800'dbb4     0x4  startup_stm32f429xx.o [1]
  .text              ro code   0x800'dbb8     0x4  startup_stm32f429xx.o [1]
  .text              ro code   0x800'dbbc     0x4  startup_stm32f429xx.o [1]
  .text              ro code   0x800'dbc0     0x4  startup_stm32f429xx.o [1]
  .text              ro code   0x800'dbc4     0x4  startup_stm32f429xx.o [1]
  .text              ro code   0x800'dbc8     0x4  startup_stm32f429xx.o [1]
  .text              ro code   0x800'dbcc     0x4  startup_stm32f429xx.o [1]
  .text              ro code   0x800'dbd0     0x4  startup_stm32f429xx.o [1]
  .text              ro code   0x800'dbd4     0x4  startup_stm32f429xx.o [1]
  .text              ro code   0x800'dbd8     0x4  startup_stm32f429xx.o [1]
  .text              ro code   0x800'dbdc     0x4  startup_stm32f429xx.o [1]
  .text              ro code   0x800'dbe0     0x4  startup_stm32f429xx.o [1]
  .text              ro code   0x800'dbe4     0x4  startup_stm32f429xx.o [1]
  .text              ro code   0x800'dbe8     0x4  startup_stm32f429xx.o [1]
  .text              ro code   0x800'dbec     0x4  startup_stm32f429xx.o [1]
  .text              ro code   0x800'dbf0     0x4  startup_stm32f429xx.o [1]
  .text              ro code   0x800'dbf4     0x4  startup_stm32f429xx.o [1]
  .text              ro code   0x800'dbf8     0x4  startup_stm32f429xx.o [1]
  .text              ro code   0x800'dbfc     0x4  startup_stm32f429xx.o [1]
  .text              ro code   0x800'dc00     0x4  startup_stm32f429xx.o [1]
  .text              ro code   0x800'dc04     0x4  startup_stm32f429xx.o [1]
  .text              ro code   0x800'dc08     0x4  startup_stm32f429xx.o [1]
  .text              ro code   0x800'dc0c     0x4  startup_stm32f429xx.o [1]
  .text              ro code   0x800'dc10     0x4  startup_stm32f429xx.o [1]
  .text              ro code   0x800'dc14     0x4  startup_stm32f429xx.o [1]
  .text              ro code   0x800'dc18     0x4  startup_stm32f429xx.o [1]
  .text              ro code   0x800'dc1c     0x4  startup_stm32f429xx.o [1]
  .text              ro code   0x800'dc20     0x4  startup_stm32f429xx.o [1]
  .text              ro code   0x800'dc24     0x4  startup_stm32f429xx.o [1]
  .text              ro code   0x800'dc28     0x4  startup_stm32f429xx.o [1]
  .text              ro code   0x800'dc2c     0x4  startup_stm32f429xx.o [1]
  .text              ro code   0x800'dc30     0x4  startup_stm32f429xx.o [1]
  .text              ro code   0x800'dc34     0x4  startup_stm32f429xx.o [1]
  .text              ro code   0x800'dc38     0x4  startup_stm32f429xx.o [1]
  .text              ro code   0x800'dc3c     0x4  startup_stm32f429xx.o [1]
  .text              ro code   0x800'dc40     0x4  startup_stm32f429xx.o [1]
  .text              ro code   0x800'dc44     0x4  startup_stm32f429xx.o [1]
  .text              ro code   0x800'dc48     0x4  startup_stm32f429xx.o [1]
  .text              ro code   0x800'dc4c     0x4  startup_stm32f429xx.o [1]
  .text              ro code   0x800'dc50     0x4  startup_stm32f429xx.o [1]
  .text              ro code   0x800'dc54     0x4  startup_stm32f429xx.o [1]
  .text              ro code   0x800'dc58     0x4  startup_stm32f429xx.o [1]
  .text              ro code   0x800'dc5c     0x4  startup_stm32f429xx.o [1]
  .text              ro code   0x800'dc60     0x4  startup_stm32f429xx.o [1]
  .text              ro code   0x800'dc64     0x4  startup_stm32f429xx.o [1]
  .text              ro code   0x800'dc68     0x4  startup_stm32f429xx.o [1]
  .text              ro code   0x800'dc6c     0x4  startup_stm32f429xx.o [1]
  .text              ro code   0x800'dc70     0x4  startup_stm32f429xx.o [1]
  .text              ro code   0x800'dc74     0x4  startup_stm32f429xx.o [1]
  .text              ro code   0x800'dc78     0x4  startup_stm32f429xx.o [1]
  .text              ro code   0x800'dc7c     0x4  startup_stm32f429xx.o [1]
  .text              ro code   0x800'dc80     0x4  startup_stm32f429xx.o [1]
  .text              ro code   0x800'dc84     0x4  startup_stm32f429xx.o [1]
  .text              ro code   0x800'dc88     0x4  startup_stm32f429xx.o [1]
  .text              ro code   0x800'dc8c     0x4  startup_stm32f429xx.o [1]
  .text              ro code   0x800'dc90     0x4  startup_stm32f429xx.o [1]
  .text              ro code   0x800'dc94     0x4  startup_stm32f429xx.o [1]
  .text              ro code   0x800'dc98     0x4  startup_stm32f429xx.o [1]
  .text              ro code   0x800'dc9c     0x4  startup_stm32f429xx.o [1]
  .text              ro code   0x800'dca0     0x4  startup_stm32f429xx.o [1]
  .text              ro code   0x800'dca4     0x4  startup_stm32f429xx.o [1]
  .text              ro code   0x800'dca8     0x4  startup_stm32f429xx.o [1]
  .text              ro code   0x800'dcac     0x4  startup_stm32f429xx.o [1]
  .text              ro code   0x800'dcb0     0x4  startup_stm32f429xx.o [1]
  .text              ro code   0x800'dcb4     0x4  startup_stm32f429xx.o [1]
  .text              ro code   0x800'dcb8     0x4  startup_stm32f429xx.o [1]
  .text              ro code   0x800'dcbc     0x4  startup_stm32f429xx.o [1]
  .text              ro code   0x800'dcc0     0x4  startup_stm32f429xx.o [1]
  .text              ro code   0x800'dcc4     0x4  startup_stm32f429xx.o [1]
  .text              ro code   0x800'dcc8     0x4  startup_stm32f429xx.o [1]
  .text              ro code   0x800'dccc     0x4  startup_stm32f429xx.o [1]
  .text              ro code   0x800'dcd0     0x4  startup_stm32f429xx.o [1]
  .text              ro code   0x800'dcd4     0x4  startup_stm32f429xx.o [1]
  .text              ro code   0x800'dcd8     0x4  startup_stm32f429xx.o [1]
  .text              ro code   0x800'dcdc     0x4  startup_stm32f429xx.o [1]
  .text              ro code   0x800'dce0     0x4  startup_stm32f429xx.o [1]
  .text              ro code   0x800'dce4     0x4  startup_stm32f429xx.o [1]
  .text              ro code   0x800'dce8     0x4  startup_stm32f429xx.o [1]
  .text              ro code   0x800'dcec     0x4  startup_stm32f429xx.o [1]
  .text              ro code   0x800'dcf0     0x4  startup_stm32f429xx.o [1]
  .text              ro code   0x800'dcf4     0x4  startup_stm32f429xx.o [1]
  .text              ro code   0x800'dcf8     0x4  startup_stm32f429xx.o [1]
  .text              ro code   0x800'dcfc     0x4  startup_stm32f429xx.o [1]
  .rodata            const     0x800'dd00     0x0  zero_init3.o [11]
  .rodata            const     0x800'dd00     0x0  packbits_init_single.o [11]
  Initializer bytes  const     0x800'dd00    0x84  <for P2-1>
                             - 0x800'dd84  0xdbd8

"P2", part 1 of 3:                           0xd2
  P2-1                        0x2000'0000    0xd2  <Init block>
    .data            inited   0x2000'0000     0xc  sinus.o [3]
    .data            inited   0x2000'000c     0xc  stm32f4xx_hal.o [7]
    .data            inited   0x2000'0018     0x4  system_stm32f4xx.o [6]
    .data            inited   0x2000'001c    0x1c  tcp.o [8]
    .data            inited   0x2000'0038     0x8  udp.o [8]
    .data            inited   0x2000'0040     0x8  rand.o [9]
    .data            inited   0x2000'0048    0x38  xlocale_c.o [9]
    .data            inited   0x2000'0080    0x48  xfiles.o [9]
    .data            inited   0x2000'00c8     0x8  XShttio.o [9]
    .data            inited   0x2000'00d0     0x2  tcp.o [8]
                            - 0x2000'00d2    0xd2

"P2", part 2 of 3:                         0xb330
  .bss               zero     0x2000'00d4  0x30ec  ethernetif.o [5]
  .bss               zero     0x2000'31c0  0x2820  mem.o [8]
  .bss               zero     0x2000'59e0  0x2604  memp.o [8]
  .bss               zero     0x2000'7fe4  0x12c0  sinus.o [3]
  .bss               zero     0x2000'92a4   0x640  sinus.o [3]
  .bss               zero     0x2000'98e4   0x640  sinus.o [3]
  .bss               zero     0x2000'9f24   0x640  sinus.o [3]
  .bss               zero     0x2000'a564   0x310  memp.o [8]
  .bss               zero     0x2000'a874   0x16c  memp.o [8]
  .bss               zero     0x2000'a9e0   0x120  main.o [2]
  .bss               zero     0x2000'ab00   0x104  memp.o [8]
  .bss               zero     0x2000'ac04   0x104  memp.o [8]
  .bss               zero     0x2000'ad08    0xf0  etharp.o [8]
  .bss               zero     0x2000'adf8    0xe4  memp.o [8]
  .bss               zero     0x2000'aedc    0xc8  modbusTCP.o [3]
  .bss               zero     0x2000'afa4    0xa4  memp.o [8]
  .bss               zero     0x2000'b048    0x84  memp.o [8]
  .bss               zero     0x2000'b0cc    0x84  rand.o [9]
  .bss               zero     0x2000'b150    0x60  main.o [2]
  .bss               zero     0x2000'b1b0    0x60  main.o [2]
  .bss               zero     0x2000'b210    0x60  main.o [2]
  .bss               zero     0x2000'b270    0x50  xfiles.o [9]
  .bss               zero     0x2000'b2c0    0x38  tcp_in.o [8]
  .bss               zero     0x2000'b2f8    0x34  lwip.o [4]
  .bss               zero     0x2000'b32c    0x34  memp.o [8]
  .bss               zero     0x2000'b360    0x1c  modbusRegister.o [3]
  .bss               zero     0x2000'b37c    0x18  ip.o [8]
  .bss               zero     0x2000'b394    0x18  lwip.o [4]
  .bss               zero     0x2000'b3ac     0xc  netif.o [8]
  .bss               zero     0x2000'b3b8     0x8  ip4_frag.o [8]
  .bss               zero     0x2000'b3c0     0x8  timeouts.o [8]
  .bss               zero     0x2000'b3c8     0x4  memp.o [8]
  .bss               zero     0x2000'b3cc     0x4  memp.o [8]
  .bss               zero     0x2000'b3d0     0x4  memp.o [8]
  .bss               zero     0x2000'b3d4     0x4  memp.o [8]
  .bss               zero     0x2000'b3d8     0x4  memp.o [8]
  .bss               zero     0x2000'b3dc     0x4  memp.o [8]
  .bss               zero     0x2000'b3e0     0x4  memp.o [8]
  .bss               zero     0x2000'b3e4     0x4  memp.o [8]
  .bss               zero     0x2000'b3e8     0x4  memp.o [8]
  .bss               zero     0x2000'b3ec     0x4  timeouts.o [8]
  .bss               zero     0x2000'b3f0     0x4  xfail_s.o [9]
  .bss               zero     0x2000'b3f4     0x4  no_free_heap0.o [9]
  .bss               zero     0x2000'b3f8     0x4  xgetmemchunk.o [9]
  .bss               zero     0x2000'b3fc     0x2  ip4.o [8]
  .bss               zero     0x2000'b3fe     0x1  etharp.o [8]
  .bss               zero     0x2000'b3ff     0x1  pbuf.o [8]
  .bss               zero     0x2000'b400     0x1  sinus.o [3]
  .bss               zero     0x2000'b401     0x1  tcp.o [8]
                            - 0x2000'b402  0xb32e

"P2", part 3 of 3:                          0x600
  CSTACK                      0x2000'b408   0x400  <Block>
    CSTACK           uninit   0x2000'b408   0x400  <Block tail>
  HEAP                        0x2000'b808   0x200  <Block>
    HEAP             uninit   0x2000'b808   0x200  <Block tail>
                            - 0x2000'ba08   0x600

Unused ranges:

         From           To       Size
         ----           --       ----
   0x800'dd84   0x81f'ffff  0x1f'227c
  0x2000'00d2  0x2000'00d3        0x2
  0x2000'b404  0x2000'b407        0x4
  0x2000'ba08  0x2002'ffff   0x2'45f8


*******************************************************************************
*** INIT TABLE
***

          Address      Size
          -------      ----
Zero (__iar_zero_init3)
    1 destination range, total size 0xb32e:
          0x2000'00d4  0xb32e

Copy/packbits (__iar_packbits_init_single3)
    1 source range, total size 0x84 (62% of destination):
           0x800'dd00    0x84
    1 destination range, total size 0xd2:
          0x2000'0000    0xd2



*******************************************************************************
*** MODULE SUMMARY
***

    Module                  ro code  ro data  rw data
    ------                  -------  -------  -------
command line/config:
    -------------------------------------------------
    Total:

C:\Cube\Invertor\EWARM\Invertor\Obj\Application\EWARM: [1]
    startup_stm32f429xx.o       784
    -------------------------------------------------
    Total:                      784

C:\Cube\Invertor\EWARM\Invertor\Obj\Application\User\Core: [2]
    main.o                    1'356               576
    stm32f4xx_hal_msp.o         592
    stm32f4xx_it.o              104
    -------------------------------------------------
    Total:                    2'052               576

C:\Cube\Invertor\EWARM\Invertor\Obj\Application\User\Core\Lib: [3]
    boolean.o                    84
    modbusFunc.o                232
    modbusGet.o                  72
    modbusRegister.o            300                28
    modbusTCP.o                 300               200
    sinus.o                     468        7    9'613
    tcp_echoserver.o            608       84
    -------------------------------------------------
    Total:                    2'064       91    9'841

C:\Cube\Invertor\EWARM\Invertor\Obj\Application\User\LWIP\App: [4]
    lwip.o                      208                76
    -------------------------------------------------
    Total:                      208                76

C:\Cube\Invertor\EWARM\Invertor\Obj\Application\User\LWIP\Target: [5]
    ethernetif.o              1'154       84   12'524
    -------------------------------------------------
    Total:                    1'154       84   12'524

C:\Cube\Invertor\EWARM\Invertor\Obj\Drivers\CMSIS: [6]
    system_stm32f4xx.o           32        2        4
    -------------------------------------------------
    Total:                       32        2        4

C:\Cube\Invertor\EWARM\Invertor\Obj\Drivers\STM32F4xx_HAL_Driver: [7]
    stm32f4xx_hal.o             184        8       12
    stm32f4xx_hal_cortex.o      196
    stm32f4xx_hal_dma.o         912
    stm32f4xx_hal_eth.o       2'326
    stm32f4xx_hal_gpio.o        556
    stm32f4xx_hal_rcc.o       1'188
    stm32f4xx_hal_tim.o       2'696
    stm32f4xx_hal_tim_ex.o      228
    -------------------------------------------------
    Total:                    8'286        8       12

C:\Cube\Invertor\EWARM\Invertor\Obj\Middlewares\LwIP: [8]
    def.o                        38
    etharp.o                  1'964      500      241
    ethernet.o                  272      168
    icmp.o                      432      260
    init.o                       34
    ip.o                                           24
    ip4.o                       764      156        2
    ip4_addr.o                   50        4
    ip4_frag.o                2'164      240        8
    mem.o                     1'156      408   10'272
    memp.o                      336      284   12'012
    netif.o                     848      332       12
    pbuf.o                    2'056      628        1
    tcp.o                     4'784    1'196       31
    tcp_in.o                  5'136      640       56
    tcp_out.o                 5'208    1'312
    timeouts.o                  420      228       12
    udp.o                       572      341        8
    -------------------------------------------------
    Total:                   26'234    6'697   22'679

dl7M_tlf.a: [9]
    XShttio.o                     8        5        8
    abort.o                       6
    exit.o                        4
    low_level_init.o              4
    no_free_heap0.o              76                 4
    printf.o                     40
    putchar.o                    68
    rand.o                      156        5      140
    xfail_s.o                    64                 4
    xfiles.o                              45      152
    xgetmemchunk.o               44                 4
    xlocale_c.o                   8       38       56
    xprintffull_nomb.o        3'886
    xprout.o                     22
    -------------------------------------------------
    Total:                    4'386       93      368

m7M_tls.a: [10]
    DblAddSub.o                 606
    DblCmpGe.o                   52
    DblCmpLe.o                   52
    DblDiv.o                    582
    DblMul.o                    426
    DblToS32.o                   54
    DblToU32.o                   34
    S32ToDbl.o                   34
    U32ToDbl.o                   28
    cos_sin64.o               1'008
    fpinit_M.o                   34
    frexp.o                     112
    ldexp.o                     314
    math_wrappers64.o            18
    -------------------------------------------------
    Total:                    3'354

rt7M_tl.a: [11]
    ABImemclr4.o                  6
    ABImemcpy_small.o            24
    ABImemset.o                 102
    ABImemset48.o                50
    I64DivMod_small.o           262
    I64DivZer.o                   2
    cexit.o                      10
    cmain.o                      30
    cstartup_M.o                 28
    data_init.o                  40
    memchr.o                     88
    memcmp_small.o               30
    memset.o                     20
    packbits_init_single.o       58
    strchr.o                     22
    strlen_small.o               20
    zero_init3.o                 56
    -------------------------------------------------
    Total:                      848

shb_l.a: [12]
    dwrite.o                     30
    exit.o                       20
    iarttio.o                   124
    iarwrite.o                   34
    iarwstd.o                    32
    write.o                      16
    -------------------------------------------------
    Total:                      256

    Gaps                         41        2
    Linker created                        32    1'536
-----------------------------------------------------
    Grand Total:             49'699    7'009   47'616


*******************************************************************************
*** ENTRY LIST
***

Entry                       Address    Size  Type      Object
-----                       -------    ----  ----      ------
.iar.init_table$$Base    0x800'da7c           --   Gb  - Linker created -
.iar.init_table$$Limit   0x800'da9c           --   Gb  - Linker created -
?main                    0x800'dabd          Code  Gb  cmain.o [11]
AHBPrescTable            0x800'daac    0x10  Data  Gb  system_stm32f4xx.o [6]
BusFault_Handler         0x800'd82b     0x2  Code  Gb  stm32f4xx_it.o [2]
CSTACK$$Base            0x2000'b408           --   Gb  - Linker created -
CSTACK$$Limit           0x2000'b808           --   Gb  - Linker created -
DMA1_Stream2_IRQHandler
                         0x800'd839     0x6  Code  Gb  stm32f4xx_it.o [2]
DMA2_Stream4_IRQHandler
                         0x800'd861     0x6  Code  Gb  stm32f4xx_it.o [2]
DMA2_Stream7_IRQHandler
                         0x800'd86d     0x6  Code  Gb  stm32f4xx_it.o [2]
DMARxDscrTab            0x2000'0120    0x80  Data  Gb  ethernetif.o [5]
DMATxDscrTab            0x2000'01a0    0x80  Data  Gb  ethernetif.o [5]
DMA_CalcBaseAndBitshift
                         0x800'a6d5    0x26  Code  Lc  stm32f4xx_hal_dma.o [7]
DMA_CalcBaseAndBitshift::flagBitshiftOffset
                         0x800'a6fc     0x8  Data  Lc  stm32f4xx_hal_dma.o [7]
DMA_SetConfig            0x800'a6b5    0x20  Code  Lc  stm32f4xx_hal_dma.o [7]
DebugMon_Handler         0x800'd831     0x2  Code  Gb  stm32f4xx_it.o [2]
ETH_Delay                0x800'93a5    0x24  Code  Lc  stm32f4xx_hal_eth.o [7]
ETH_FlushTransmitFIFO    0x800'9381    0x24  Code  Lc  stm32f4xx_hal_eth.o [7]
ETH_IRQHandler           0x800'd867     0x6  Code  Gb  stm32f4xx_it.o [2]
ETH_MACDMAConfig         0x800'928d    0xee  Code  Lc  stm32f4xx_hal_eth.o [7]
Error_Handler            0x800'ac61     0x4  Code  Gb  main.o [2]
EthernetLinkTimer       0x2000'011c     0x4  Data  Gb  ethernetif.o [5]
GATEWAY_ADDRESS         0x2000'b39c     0x4  Data  Gb  lwip.o [4]
HAL_DMA_Abort_IT         0x800'a4cf    0x24  Code  Gb  stm32f4xx_hal_dma.o [7]
HAL_DMA_IRQHandler       0x800'a4f3   0x188  Code  Gb  stm32f4xx_hal_dma.o [7]
HAL_DMA_Init             0x800'a375    0xee  Code  Gb  stm32f4xx_hal_dma.o [7]
HAL_DMA_Start_IT         0x800'a463    0x6c  Code  Gb  stm32f4xx_hal_dma.o [7]
HAL_Delay                0x800'9555    0x28  Code  Wk  stm32f4xx_hal.o [7]
HAL_ETH_ConfigMAC        0x800'9169   0x124  Code  Gb  stm32f4xx_hal_eth.o [7]
HAL_ETH_DMARxDescListInit
                         0x800'8d2d    0x88  Code  Gb  stm32f4xx_hal_eth.o [7]
HAL_ETH_DMATxDescListInit
                         0x800'8cb3    0x7a  Code  Gb  stm32f4xx_hal_eth.o [7]
HAL_ETH_GetReceivedFrame
                         0x800'8ea3    0x70  Code  Gb  stm32f4xx_hal_eth.o [7]
HAL_ETH_IRQHandler       0x800'8f33    0x54  Code  Gb  stm32f4xx_hal_eth.o [7]
HAL_ETH_Init             0x800'8af9   0x1a6  Code  Gb  stm32f4xx_hal_eth.o [7]
HAL_ETH_MspInit          0x800'832d   0x108  Code  Gb  ethernetif.o [5]
HAL_ETH_ReadPHYRegister
                         0x800'8f93    0x78  Code  Gb  stm32f4xx_hal_eth.o [7]
HAL_ETH_Start            0x800'9085    0x5e  Code  Gb  stm32f4xx_hal_eth.o [7]
HAL_ETH_Stop             0x800'90ef    0x5a  Code  Gb  stm32f4xx_hal_eth.o [7]
HAL_ETH_TransmitFrame    0x800'8db5    0xee  Code  Gb  stm32f4xx_hal_eth.o [7]
HAL_ETH_WritePHYRegister
                         0x800'900b    0x66  Code  Gb  stm32f4xx_hal_eth.o [7]
HAL_GPIO_Init            0x800'8809   0x1f0  Code  Gb  stm32f4xx_hal_gpio.o [7]
HAL_GPIO_WritePin        0x800'89f9     0x8  Code  Gb  stm32f4xx_hal_gpio.o [7]
HAL_GetTick              0x800'9409     0xc  Code  Wk  stm32f4xx_hal.o [7]
HAL_IncTick              0x800'd88d    0x10  Code  Wk  stm32f4xx_hal.o [7]
HAL_Init                 0x800'ac79    0x30  Code  Gb  stm32f4xx_hal.o [7]
HAL_InitTick             0x800'9661    0x40  Code  Wk  stm32f4xx_hal.o [7]
HAL_MspInit              0x800'a125    0x34  Code  Gb  stm32f4xx_hal_msp.o [2]
HAL_NVIC_EnableIRQ       0x800'8aa3    0x16  Code  Gb  stm32f4xx_hal_cortex.o [7]
HAL_NVIC_SetPriority     0x800'8a69    0x3a  Code  Gb  stm32f4xx_hal_cortex.o [7]
HAL_NVIC_SetPriorityGrouping
                         0x800'8a4f    0x1a  Code  Gb  stm32f4xx_hal_cortex.o [7]
HAL_RCC_ClockConfig      0x800'942d   0x100  Code  Gb  stm32f4xx_hal_rcc.o [7]
HAL_RCC_GetHCLKFreq      0x800'9539     0x6  Code  Gb  stm32f4xx_hal_rcc.o [7]
HAL_RCC_OscConfig        0x800'b3bd   0x31c  Code  Wk  stm32f4xx_hal_rcc.o [7]
HAL_SYSTICK_Config       0x800'8ab9    0x28  Code  Gb  stm32f4xx_hal_cortex.o [7]
HAL_TIMEx_BreakCallback
                         0x800'a70b     0x2  Code  Wk  stm32f4xx_hal_tim_ex.o [7]
HAL_TIMEx_CommutCallback
                         0x800'a70f     0x2  Code  Wk  stm32f4xx_hal_tim_ex.o [7]
HAL_TIMEx_ConfigBreakDeadTime
                         0x800'ad39    0x54  Code  Gb  stm32f4xx_hal_tim_ex.o [7]
HAL_TIMEx_MasterConfigSynchronization
                         0x800'acad    0x6e  Code  Gb  stm32f4xx_hal_tim_ex.o [7]
HAL_TIM_Base_Init        0x800'96a9    0x1a  Code  Gb  stm32f4xx_hal_tim.o [7]
HAL_TIM_Base_MspInit     0x800'a24f    0x38  Code  Gb  stm32f4xx_hal_msp.o [2]
HAL_TIM_Base_Start_IT    0x800'96c3    0x76  Code  Gb  stm32f4xx_hal_tim.o [7]
HAL_TIM_ConfigClockSource
                         0x800'9cc3    0xaa  Code  Gb  stm32f4xx_hal_tim.o [7]
HAL_TIM_IRQHandler       0x800'9aad   0x142  Code  Gb  stm32f4xx_hal_tim.o [7]
HAL_TIM_MspPostInit      0x800'a287    0xa8  Code  Gb  stm32f4xx_hal_msp.o [2]
HAL_TIM_PWM_ConfigChannel
                         0x800'9bff    0xb6  Code  Gb  stm32f4xx_hal_tim.o [7]
HAL_TIM_PWM_Init         0x800'976b    0x1a  Code  Gb  stm32f4xx_hal_tim.o [7]
HAL_TIM_PWM_MspInit      0x800'a159    0xf6  Code  Gb  stm32f4xx_hal_msp.o [2]
HAL_TIM_PWM_Start_DMA    0x800'97f5   0x116  Code  Gb  stm32f4xx_hal_tim.o [7]
HAL_TIM_PWM_Stop_DMA     0x800'99d7    0x84  Code  Gb  stm32f4xx_hal_tim.o [7]
HEAP$$Base              0x2000'b808           --   Gb  - Linker created -
HEAP$$Limit             0x2000'ba08           --   Gb  - Linker created -
HardFault_Handler        0x800'd827     0x2  Code  Gb  stm32f4xx_it.o [2]
IP_ADDRESS              0x2000'b394     0x4  Data  Gb  lwip.o [4]
MX_LWIP_Init             0x800'ad8d    0xba  Code  Gb  lwip.o [4]
MemManage_Handler        0x800'd829     0x2  Code  Gb  stm32f4xx_it.o [2]
NETMASK_ADDRESS         0x2000'b398     0x4  Data  Gb  lwip.o [4]
NMI_Handler              0x800'd825     0x2  Code  Gb  stm32f4xx_it.o [2]
PendSV_Handler           0x800'd833     0x2  Code  Gb  stm32f4xx_it.o [2]
Reg1                    0x2000'b364     0x4  Data  Gb  modbusRegister.o [3]
Reg2                    0x2000'b368     0x4  Data  Gb  modbusRegister.o [3]
Reg3                    0x2000'b36c     0x4  Data  Gb  modbusRegister.o [3]
Reg4                    0x2000'b370     0x4  Data  Gb  modbusRegister.o [3]
Reg5                    0x2000'b374     0x4  Data  Gb  modbusRegister.o [3]
Reg6                    0x2000'b378     0x4  Data  Gb  modbusRegister.o [3]
Region$$Table$$Base      0x800'da7c           --   Gb  - Linker created -
Region$$Table$$Limit     0x800'da9c           --   Gb  - Linker created -
Rx_Buff                 0x2000'0220  0x17d0  Data  Gb  ethernetif.o [5]
SVC_Handler              0x800'd82f     0x2  Code  Gb  stm32f4xx_it.o [2]
SysTick_Handler          0x800'd835     0x4  Code  Gb  stm32f4xx_it.o [2]
SystemClock_Config       0x800'ab71    0xa2  Code  Gb  main.o [2]
SystemCoreClock         0x2000'0018     0x4  Data  Gb  system_stm32f4xx.o [6]
SystemInit               0x800'da9d     0xc  Code  Gb  system_stm32f4xx.o [6]
TIM4_IRQHandler          0x800'd83f    0x22  Code  Gb  stm32f4xx_it.o [2]
TIM_Base_SetConfig       0x800'9e7f    0x96  Code  Gb  stm32f4xx_hal_tim.o [7]
TIM_CCxChannelCmd        0x800'a107    0x16  Code  Gb  stm32f4xx_hal_tim.o [7]
TIM_DMADelayPulseCplt    0x800'9ddd    0x58  Code  Lc  stm32f4xx_hal_tim.o [7]
TIM_DMADelayPulseHalfCplt
                         0x800'9e3d    0x34  Code  Gb  stm32f4xx_hal_tim.o [7]
TIM_DMAError             0x800'9d89    0x54  Code  Gb  stm32f4xx_hal_tim.o [7]
TIM_ETR_SetConfig        0x800'a0f3    0x14  Code  Gb  stm32f4xx_hal_tim.o [7]
TIM_ITRx_SetConfig       0x800'a0e3    0x10  Code  Lc  stm32f4xx_hal_tim.o [7]
TIM_OC1_SetConfig        0x800'9f15    0x58  Code  Lc  stm32f4xx_hal_tim.o [7]
TIM_OC2_SetConfig        0x800'9f6d    0x60  Code  Gb  stm32f4xx_hal_tim.o [7]
TIM_OC3_SetConfig        0x800'9fcd    0x5e  Code  Lc  stm32f4xx_hal_tim.o [7]
TIM_OC4_SetConfig        0x800'a02b    0x46  Code  Lc  stm32f4xx_hal_tim.o [7]
TIM_TI1_ConfigInputStage
                         0x800'a0a1    0x1e  Code  Lc  stm32f4xx_hal_tim.o [7]
TIM_TI2_ConfigInputStage
                         0x800'a0bf    0x24  Code  Lc  stm32f4xx_hal_tim.o [7]
Tx_Buff                 0x2000'19f0  0x17d0  Data  Gb  ethernetif.o [5]
UsageFault_Handler       0x800'd82d     0x2  Code  Gb  stm32f4xx_it.o [2]
_LitobFullNoMb           0x800'6e7d   0x10c  Code  Lc  xprintffull_nomb.o [9]
_Locale_lconv           0x2000'0048    0x38  Data  Lc  xlocale_c.o [9]
_PrintfFullNoMb          0x800'6149   0xd04  Code  Gb  xprintffull_nomb.o [9]
_Prout                   0x800'db0d    0x16  Code  Gb  xprout.o [9]
_PutcharFullNoMb         0x800'6fe1    0x20  Code  Lc  xprintffull_nomb.o [9]
_PutcharsFullNoMb        0x800'7001    0x2e  Code  Lc  xprintffull_nomb.o [9]
_Rand_idx               0x2000'b14c     0x4  Data  Lc  rand.o [9]
_Rand_rv                0x2000'b0cc    0x80  Data  Lc  rand.o [9]
_Randinit               0x2000'0040     0x1  Data  Gb  rand.o [9]
_Randseed               0x2000'0044     0x4  Data  Gb  rand.o [9]
__NVIC_SetPriority       0x800'8a35    0x1a  Code  Lc  stm32f4xx_hal_cortex.o [7]
__aeabi_cdcmple          0x800'7989          Code  Gb  DblCmpLe.o [10]
__aeabi_cdrcmple         0x800'79bd          Code  Gb  DblCmpGe.o [10]
__aeabi_d2iz             0x800'7b2d          Code  Gb  DblToS32.o [10]
__aeabi_d2uiz            0x800'8031          Code  Gb  DblToU32.o [10]
__aeabi_dadd             0x800'7b89          Code  Gb  DblAddSub.o [10]
__aeabi_ddiv             0x800'7de9          Code  Gb  DblDiv.o [10]
__aeabi_dmul             0x800'8071          Code  Gb  DblMul.o [10]
__aeabi_dsub             0x800'7d05          Code  Gb  DblAddSub.o [10]
__aeabi_i2d              0x800'7b65          Code  Gb  S32ToDbl.o [10]
__aeabi_ldiv0            0x800'8805          Code  Gb  I64DivZer.o [11]
__aeabi_memclr4          0x800'773d          Code  Gb  ABImemclr4.o [11]
__aeabi_memset           0x800'b6d9          Code  Gb  ABImemset.o [11]
__aeabi_ui2d             0x800'8055          Code  Gb  U32ToDbl.o [10]
__cmain                  0x800'dabd          Code  Gb  cmain.o [11]
__data_GetMemChunk       0x800'b8ed    0x2c  Code  Gb  xgetmemchunk.o [9]
__data_GetMemChunk::start
                        0x2000'b3f8     0x4  Data  Lc  xgetmemchunk.o [9]
__dwrite                 0x800'd999    0x1e  Code  Gb  dwrite.o [12]
__exit                   0x800'9419    0x14  Code  Gb  exit.o [12]
__iar_Fail_s             0x800'786d    0x1c  Code  Gb  xfail_s.o [9]
__iar_Memchr             0x800'78c1          Code  Gb  memchr.o [11]
__iar_Memset             0x800'b6d9          Code  Gb  ABImemset.o [11]
__iar_Memset4_word       0x800'87ad          Code  Gb  ABImemset48.o [11]
__iar_Memset8_word       0x800'87ad          Code  Gb  ABImemset48.o [11]
__iar_Memset_word        0x800'b6e1          Code  Gb  ABImemset.o [11]
__iar_Sin64              0x800'ba9d   0x35c  Code  Lc  cos_sin64.o [10]
__iar_Stdout            0x2000'0080    0x48  Data  Gb  xfiles.o [9]
__iar_Strchr             0x800'7855          Code  Gb  strchr.o [11]
__iar_close_ttio         0x800'9585    0x2c  Code  Gb  iarttio.o [12]
__iar_data_init3         0x800'da31    0x28  Code  Gb  data_init.o [11]
__iar_frexp              0x800'7925          Code  Gb  frexp.o [10]
__iar_frexpl             0x800'7925          Code  Gb  frexp.o [10]
__iar_get_ttio           0x800'95b1    0x4c  Code  Gb  iarttio.o [12]
__iar_init_vfp           0x800'da59          Code  Gb  fpinit_M.o [10]
__iar_ldexp64            0x800'79f1          Code  Gb  ldexp.o [10]
__iar_lookup_ttioh       0x800'96a1     0x8  Code  Gb  XShttio.o [9]
__iar_packbits_init_single3
                         0x800'38a7    0x3a  Code  Gb  packbits_init_single.o [11]
__iar_program_start      0x800'daf1          Code  Gb  cstartup_M.o [11]
__iar_scalbln64          0x800'79f1          Code  Gb  ldexp.o [10]
__iar_scalbn64           0x800'79f1          Code  Gb  ldexp.o [10]
__iar_sh_stdout          0x800'd9b7    0x20  Code  Gb  iarwstd.o [12]
__iar_sh_write           0x800'd9d7    0x22  Code  Gb  iarwrite.o [12]
__iar_sin64              0x800'be89     0x4  Code  Gb  cos_sin64.o [10]
__iar_sin_medium         0x800'be89     0x4  Code  Gb  cos_sin64.o [10]
__iar_sin_medium64       0x800'be89     0x4  Code  Gb  cos_sin64.o [10]
__iar_sin_mediuml        0x800'be89     0x4  Code  Gb  cos_sin64.o [10]
__iar_small_Memcpy       0x800'38e5          Code  Gb  ABImemcpy_small.o [11]
__iar_small_memcmp       0x800'87e1          Code  Gb  memcmp_small.o [11]
__iar_small_memcpy       0x800'38e1          Code  Gb  ABImemcpy_small.o [11]
__iar_small_memcpy4      0x800'38e1          Code  Gb  ABImemcpy_small.o [11]
__iar_small_memcpy8      0x800'38e1          Code  Gb  ABImemcpy_small.o [11]
__iar_small_strlen       0x800'78ad          Code  Gb  strlen_small.o [11]
__iar_small_uldivmod     0x800'8225          Code  Gb  I64DivMod_small.o [11]
__iar_softfp___iar_frexp64
                         0x800'7919          Code  Gb  frexp.o [10]
__iar_softfp_frexp       0x800'7919          Code  Gb  frexp.o [10]
__iar_softfp_frexpl      0x800'7919          Code  Gb  frexp.o [10]
__iar_ttio_handles      0x2000'00c8     0x8  Data  Lc  XShttio.o [9]
__iar_vfp_sin            0x800'b8df     0xc  Code  Gb  math_wrappers64.o [10]
__iar_zero_init3         0x800'd9f9    0x38  Code  Gb  zero_init3.o [11]
__low_level_init         0x800'dadb     0x4  Code  Gb  low_level_init.o [9]
__no_free_malloc         0x800'b761    0x46  Code  Gb  no_free_heap0.o [9]
__vector_table           0x800'0000          Data  Gb  startup_stm32f429xx.o [1]
__write                  0x800'd989    0x10  Code  Gb  write.o [12]
_call_main               0x800'dac9          Code  Gb  cmain.o [11]
_exit                    0x800'dae5          Code  Gb  cexit.o [11]
abort                    0x800'87ff     0x6  Code  Gb  abort.o [9]
ackno                   0x2000'b2ec     0x4  Data  Lc  tcp_in.o [8]
amplitud                0x2000'0001     0x1  Data  Gb  sinus.o [3]
arp_table               0x2000'ad08    0xf0  Data  Lc  etharp.o [8]
counter                 0x2000'0000     0x1  Data  Gb  sinus.o [3]
current                 0x2000'b360     0x4  Data  Gb  modbusRegister.o [3]
current_timeout_due_time
                        0x2000'b3c4     0x4  Data  Lc  timeouts.o [8]
do_memp_free_pool        0x800'1d11    0x2a  Code  Lc  memp.o [8]
do_memp_malloc_pool      0x800'1cbb    0x2e  Code  Lc  memp.o [8]
etharp_cached_entry     0x2000'b3fe     0x1  Data  Lc  etharp.o [8]
etharp_cleanup_netif     0x800'3d11    0x28  Code  Gb  etharp.o [8]
etharp_find_entry        0x800'3bad   0x15c  Code  Lc  etharp.o [8]
etharp_free_entry        0x800'3b35    0x20  Code  Lc  etharp.o [8]
etharp_input             0x800'3d39   0x122  Code  Gb  etharp.o [8]
etharp_output            0x800'3ed5   0x148  Code  Gb  etharp.o [8]
etharp_output_to_arp_index
                         0x800'3e5b    0x72  Code  Lc  etharp.o [8]
etharp_query             0x800'401d   0x130  Code  Gb  etharp.o [8]
etharp_raw               0x800'4155    0xc8  Code  Lc  etharp.o [8]
etharp_request           0x800'4245     0x4  Code  Gb  etharp.o [8]
etharp_request_dst       0x800'4223    0x22  Code  Lc  etharp.o [8]
etharp_tmr               0x800'3b55    0x58  Code  Gb  etharp.o [8]
ethbroadcast             0x800'784c     0x8  Data  Gb  ethernet.o [8]
ethernet_input           0x800'7745    0x9c  Code  Gb  ethernet.o [8]
ethernet_output          0x800'77e1    0x68  Code  Gb  ethernet.o [8]
ethernetif_init          0x800'85c1    0xf6  Code  Gb  ethernetif.o [5]
ethernetif_input         0x800'84f5    0xcc  Code  Gb  ethernetif.o [5]
ethernetif_update_config
                         0x800'86c5    0xa0  Code  Gb  ethernetif.o [5]
ethzero                  0x800'dba0     0x8  Data  Gb  ethernet.o [8]
exit                     0x800'dadf     0x4  Code  Gb  exit.o [9]
flag_counter            0x2000'0002     0x1  Data  Gb  sinus.o [3]
flag_freq               0x2000'b400     0x1  Data  Gb  sinus.o [3]
flags                   0x2000'b2c0     0x1  Data  Lc  tcp_in.o [8]
freg_signal             0x2000'0004     0x4  Data  Gb  sinus.o [3]
gnetif                  0x2000'b2f8    0x34  Data  Gb  lwip.o [4]
gw                      0x2000'b3a8     0x4  Data  Gb  lwip.o [4]
hdma_tim1_ch4_trig_com  0x2000'b150    0x60  Data  Gb  main.o [2]
hdma_tim3_ch4_up        0x2000'b1b0    0x60  Data  Gb  main.o [2]
hdma_tim8_ch4_trig_com  0x2000'b210    0x60  Data  Gb  main.o [2]
heth                    0x2000'00d4    0x48  Data  Gb  ethernetif.o [5]
htim1                   0x2000'a9e0    0x48  Data  Gb  main.o [2]
htim3                   0x2000'aa28    0x48  Data  Gb  main.o [2]
htim4                   0x2000'aa70    0x48  Data  Gb  main.o [2]
htim8                   0x2000'aab8    0x48  Data  Gb  main.o [2]
icmp_dest_unreach        0x800'60b7     0x6  Code  Gb  icmp.o [8]
icmp_input               0x800'5f99   0x11e  Code  Gb  icmp.o [8]
icmp_send_response       0x800'60c1    0x80  Code  Lc  icmp.o [8]
icmp_time_exceeded       0x800'60bd     0x4  Code  Gb  icmp.o [8]
in_buf                  0x2000'aedc    0x64  Data  Gb  modbusTCP.o [3]
inseg                   0x2000'b2c4    0x10  Data  Lc  tcp_in.o [8]
ip4_addr_isbroadcast_u32
                         0x800'42e1    0x32  Code  Gb  ip4_addr.o [8]
ip4_frag                 0x800'4881   0x1c2  Code  Gb  ip4_frag.o [8]
ip4_input                0x800'19dd   0x14e  Code  Gb  ip4.o [8]
ip4_input_accept         0x800'19b7    0x26  Code  Lc  ip4.o [8]
ip4_output_if            0x800'1b2b    0x28  Code  Gb  ip4.o [8]
ip4_output_if_src        0x800'1b55    0xd6  Code  Gb  ip4.o [8]
ip4_reass                0x800'44c9   0x35c  Code  Gb  ip4_frag.o [8]
ip4_route                0x800'1955    0x62  Code  Gb  ip4.o [8]
ip_addr_any              0x800'dba8     0x4  Data  Gb  ip4_addr.o [8]
ip_data                 0x2000'b37c    0x18  Data  Gb  ip.o [8]
ip_frag_free_pbuf_custom_ref
                         0x800'4835    0x22  Code  Lc  ip4_frag.o [8]
ip_id                   0x2000'b3fc     0x2  Data  Lc  ip4.o [8]
ip_reass_dequeue_datagram
                         0x800'448b    0x3c  Code  Lc  ip4_frag.o [8]
ip_reass_free_complete_datagram
                         0x800'4341    0xda  Code  Lc  ip4_frag.o [8]
ip_reass_pbufcount      0x2000'b3b8     0x2  Data  Lc  ip4_frag.o [8]
ip_reass_remove_oldest_datagram
                         0x800'4423    0x68  Code  Lc  ip4_frag.o [8]
ip_reass_tmr             0x800'4315    0x2c  Code  Gb  ip4_frag.o [8]
ipaddr                  0x2000'b3a0     0x4  Data  Gb  lwip.o [4]
ipfrag_free_pbuf_custom
                         0x800'4859    0x26  Code  Lc  ip4_frag.o [8]
ldexp                    0x800'79f1          Code  Gb  ldexp.o [10]
ldexpl                   0x800'79f1          Code  Gb  ldexp.o [10]
lfree                   0x2000'31c8     0x4  Data  Lc  mem.o [8]
localeconv               0x800'821d     0x4  Code  Gb  xlocale_c.o [9]
low_level_output         0x800'8457    0x9e  Code  Lc  ethernetif.o [5]
lwip_cyclic_timer        0x800'7641    0x2a  Code  Lc  timeouts.o [8]
lwip_cyclic_timers       0x800'7724    0x18  Data  Gb  timeouts.o [8]
lwip_htonl               0x800'388d    0x1a  Code  Gb  def.o [8]
lwip_htons               0x800'3881     0xc  Code  Gb  def.o [8]
lwip_init                0x800'b73f    0x22  Code  Gb  init.o [8]
main                     0x800'a719   0x3e4  Code  Gb  main.o [2]
mem_free                 0x800'70a7   0x14a  Code  Gb  mem.o [8]
mem_init                 0x800'7079    0x2e  Code  Gb  mem.o [8]
mem_malloc               0x800'7309   0x128  Code  Gb  mem.o [8]
mem_trim                 0x800'71f1   0x110  Code  Gb  mem.o [8]
memchr                   0x800'78c1          Code  Gb  memchr.o [11]
memp_FRAG_PBUF           0x800'db70     0xc  Data  Gb  memp.o [8]
memp_PBUF                0x800'db88     0xc  Data  Gb  memp.o [8]
memp_PBUF_POOL           0x800'db94     0xc  Data  Gb  memp.o [8]
memp_REASSDATA           0x800'db64     0xc  Data  Gb  memp.o [8]
memp_SYS_TIMEOUT         0x800'db7c     0xc  Data  Gb  memp.o [8]
memp_TCP_PCB             0x800'db40     0xc  Data  Gb  memp.o [8]
memp_TCP_PCB_LISTEN      0x800'db4c     0xc  Data  Gb  memp.o [8]
memp_TCP_SEG             0x800'db58     0xc  Data  Gb  memp.o [8]
memp_UDP_PCB             0x800'db34     0xc  Data  Gb  memp.o [8]
memp_free                0x800'1d3d    0x2c  Code  Gb  memp.o [8]
memp_init                0x800'1ca1    0x1a  Code  Gb  memp.o [8]
memp_init_pool           0x800'1c79    0x28  Code  Gb  memp.o [8]
memp_malloc              0x800'1ce9    0x28  Code  Gb  memp.o [8]
memp_memory_FRAG_PBUF_base
                        0x2000'a874   0x16c  Data  Gb  memp.o [8]
memp_memory_PBUF_POOL_base
                        0x2000'59e0  0x2604  Data  Gb  memp.o [8]
memp_memory_PBUF_base   0x2000'ac04   0x104  Data  Gb  memp.o [8]
memp_memory_REASSDATA_base
                        0x2000'afa4    0xa4  Data  Gb  memp.o [8]
memp_memory_SYS_TIMEOUT_base
                        0x2000'b32c    0x34  Data  Gb  memp.o [8]
memp_memory_TCP_PCB_LISTEN_base
                        0x2000'adf8    0xe4  Data  Gb  memp.o [8]
memp_memory_TCP_PCB_base
                        0x2000'a564   0x310  Data  Gb  memp.o [8]
memp_memory_TCP_SEG_base
                        0x2000'ab00   0x104  Data  Gb  memp.o [8]
memp_memory_UDP_PCB_base
                        0x2000'b048    0x84  Data  Gb  memp.o [8]
memp_pools               0x800'd638    0x24  Data  Gb  memp.o [8]
memp_tab_FRAG_PBUF      0x2000'b3dc     0x4  Data  Lc  memp.o [8]
memp_tab_PBUF           0x2000'b3e4     0x4  Data  Lc  memp.o [8]
memp_tab_PBUF_POOL      0x2000'b3e8     0x4  Data  Lc  memp.o [8]
memp_tab_REASSDATA      0x2000'b3d8     0x4  Data  Lc  memp.o [8]
memp_tab_SYS_TIMEOUT    0x2000'b3e0     0x4  Data  Lc  memp.o [8]
memp_tab_TCP_PCB        0x2000'b3cc     0x4  Data  Lc  memp.o [8]
memp_tab_TCP_PCB_LISTEN
                        0x2000'b3d0     0x4  Data  Lc  memp.o [8]
memp_tab_TCP_SEG        0x2000'b3d4     0x4  Data  Lc  memp.o [8]
memp_tab_UDP_PCB        0x2000'b3c8     0x4  Data  Lc  memp.o [8]
memset                   0x800'ac65    0x14  Code  Gb  memset.o [11]
modbus_regist_obrab      0x800'af1f    0x50  Code  Gb  modbusRegister.o [3]
modbus_register_create   0x800'ae5d    0xbc  Code  Gb  modbusRegister.o [3]
modbustcp_get_address    0x800'b935     0x8  Code  Gb  modbusGet.o [3]
modbustcp_get_boll_value
                         0x800'b93f     0xa  Code  Gb  modbusGet.o [3]
modbustcp_get_count      0x800'b93d     0x2  Code  Gb  modbusGet.o [3]
modbustcp_get_func       0x800'b92f     0x6  Code  Gb  modbusGet.o [3]
modbustcp_get_pid        0x800'b921     0x8  Code  Gb  modbusGet.o [3]
modbustcp_get_tid        0x800'b919     0x8  Code  Gb  modbusGet.o [3]
modbustcp_get_uid        0x800'b929     0x6  Code  Gb  modbusGet.o [3]
modbustcp_get_value      0x800'b94d     0x2  Code  Gb  modbusGet.o [3]
modbustcp_send_answer_fun_0x01
                         0x800'b9df    0x2c  Code  Gb  modbusFunc.o [3]
modbustcp_send_answer_fun_0x04
                         0x800'b961    0x48  Code  Gb  modbusFunc.o [3]
modbustcp_send_answer_fun_0x05
                         0x800'b9a9    0x36  Code  Gb  modbusFunc.o [3]
modbustcp_send_answer_fun_0x06
                         0x800'ba0b    0x28  Code  Gb  modbusFunc.o [3]
modbustpc_take_buf       0x800'b7ad    0x28  Code  Gb  modbusTCP.o [3]
mudbustcp_go             0x800'b7d5    0xec  Code  Gb  modbusTCP.o [3]
netif_add                0x800'1607    0xfc  Code  Gb  netif.o [8]
netif_default           0x2000'b3b4     0x4  Data  Gb  netif.o [8]
netif_do_ip_addr_changed
                         0x800'1703    0x16  Code  Lc  netif.o [8]
netif_do_set_gw          0x800'1797    0x16  Code  Lc  netif.o [8]
netif_do_set_ipaddr      0x800'1719    0x60  Code  Lc  netif.o [8]
netif_do_set_netmask     0x800'1781    0x16  Code  Lc  netif.o [8]
netif_get_by_index       0x800'18ab    0x20  Code  Gb  netif.o [8]
netif_init               0x800'1605     0x2  Code  Gb  netif.o [8]
netif_issue_reports      0x800'1831    0x40  Code  Lc  netif.o [8]
netif_list              0x2000'b3b0     0x4  Data  Gb  netif.o [8]
netif_null_output_ip4    0x800'18a5     0x6  Code  Lc  netif.o [8]
netif_num               0x2000'b3ac     0x1  Data  Lc  netif.o [8]
netif_set_addr           0x800'17ad    0x4c  Code  Gb  netif.o [8]
netif_set_default        0x800'1801     0x6  Code  Gb  netif.o [8]
netif_set_down           0x800'1871    0x2c  Code  Gb  netif.o [8]
netif_set_link_callback
                         0x800'189d     0x6  Code  Gb  netif.o [8]
netif_set_up             0x800'1809    0x28  Code  Gb  netif.o [8]
netmask                 0x2000'b3a4     0x4  Data  Gb  lwip.o [4]
next_timeout            0x2000'b3c0     0x4  Data  Lc  timeouts.o [8]
obuf                    0x2000'b270    0x50  Data  Lc  xfiles.o [9]
out_buf                 0x2000'af40    0x64  Data  Gb  modbusTCP.o [3]
pbuf_add_header          0x800'20d5     0x4  Code  Gb  pbuf.o [8]
pbuf_add_header_impl     0x800'2075    0x60  Code  Lc  pbuf.o [8]
pbuf_alloc               0x800'1e07   0x154  Code  Gb  pbuf.o [8]
pbuf_alloc_reference     0x800'1f5b    0x48  Code  Gb  pbuf.o [8]
pbuf_alloced_custom      0x800'1fa3    0x38  Code  Gb  pbuf.o [8]
pbuf_cat                 0x800'2221    0x72  Code  Gb  pbuf.o [8]
pbuf_chain               0x800'2293    0x10  Code  Gb  pbuf.o [8]
pbuf_clen                0x800'21ed    0x12  Code  Gb  pbuf.o [8]
pbuf_clone               0x800'2421    0x32  Code  Gb  pbuf.o [8]
pbuf_copy                0x800'22a3    0xf6  Code  Gb  pbuf.o [8]
pbuf_copy_partial        0x800'239f    0x82  Code  Gb  pbuf.o [8]
pbuf_free                0x800'213b    0xaa  Code  Gb  pbuf.o [8]
pbuf_free_ooseq          0x800'1dc9    0x20  Code  Gb  pbuf.o [8]
pbuf_free_ooseq_pending
                        0x2000'b3ff     0x1  Data  Gb  pbuf.o [8]
pbuf_header_force        0x800'2137     0x4  Code  Gb  pbuf.o [8]
pbuf_header_impl         0x800'2129     0xe  Code  Lc  pbuf.o [8]
pbuf_init_alloced_pbuf   0x800'1de9    0x1e  Code  Lc  pbuf.o [8]
pbuf_realloc             0x800'1fdb    0x9a  Code  Gb  pbuf.o [8]
pbuf_ref                 0x800'21ff    0x22  Code  Gb  pbuf.o [8]
pbuf_remove_header       0x800'20d9    0x50  Code  Gb  pbuf.o [8]
printf                   0x800'1c51    0x28  Code  Gb  printf.o [9]
putchar                  0x800'd945    0x44  Code  Gb  putchar.o [9]
qs                      0x2000'b3f4     0x4  Data  Lc  no_free_heap0.o [9]
ram                     0x2000'31c0     0x4  Data  Lc  mem.o [8]
ram_end                 0x2000'31c4     0x4  Data  Lc  mem.o [8]
ram_heap                0x2000'31cc  0x2814  Data  Gb  mem.o [8]
rand                     0x800'74fd    0x8a  Code  Gb  rand.o [9]
reassdatagrams          0x2000'b3bc     0x4  Data  Lc  ip4_frag.o [8]
recv_acked              0x2000'b2da     0x2  Data  Lc  tcp_in.o [8]
recv_data               0x2000'b2f0     0x4  Data  Lc  tcp_in.o [8]
recv_flags              0x2000'b2c1     0x1  Data  Lc  tcp_in.o [8]
scalbln                  0x800'79f1          Code  Gb  ldexp.o [10]
scalblnl                 0x800'79f1          Code  Gb  ldexp.o [10]
scalbn                   0x800'79f1          Code  Gb  ldexp.o [10]
scalbnl                  0x800'79f1          Code  Gb  ldexp.o [10]
scale                    0x800'6f89    0x46  Code  Lc  xprintffull_nomb.o [9]
sec_hand                0x2000'b3f0     0x4  Data  Lc  xfail_s.o [9]
seqno                   0x2000'b2e8     0x4  Data  Lc  tcp_in.o [8]
set_bool                 0x800'ba49    0x54  Code  Gb  boolean.o [3]
sin                      0x800'be89     0x4  Code  Gb  cos_sin64.o [10]
sin_ar                  0x2000'7fe4   0x640  Data  Gb  sinus.o [3]
sin_ar_120              0x2000'8624   0x640  Data  Gb  sinus.o [3]
sin_ar_240              0x2000'8c64   0x640  Data  Gb  sinus.o [3]
sinl                     0x800'be89     0x4  Code  Gb  cos_sin64.o [10]
sinn                    0x2000'92a4   0x640  Data  Gb  sinus.o [3]
sinn_120                0x2000'98e4   0x640  Data  Gb  sinus.o [3]
sinn_240                0x2000'9f24   0x640  Data  Gb  sinus.o [3]
sinus_array              0x800'b2ed    0x72  Code  Gb  sinus.o [3]
sinus_calculation        0x800'b20d    0xc8  Code  Gb  sinus.o [3]
sinus_init               0x800'b1e9    0x24  Code  Gb  sinus.o [3]
sinus_recalculation_minus_array
                         0x800'b35f    0x10  Code  Gb  sinus.o [3]
sinus_recalculation_plus_array
                         0x800'b36f    0x10  Code  Gb  sinus.o [3]
steps                   0x2000'0008     0x4  Data  Gb  sinus.o [3]
strchr                   0x800'7855          Code  Gb  strchr.o [11]
sys_check_timeouts       0x800'76bf    0x46  Code  Gb  timeouts.o [8]
sys_now                  0x800'86c1     0x4  Code  Gb  ethernetif.o [5]
sys_timeout              0x800'768f    0x30  Code  Gb  timeouts.o [8]
sys_timeout_abs          0x800'75e5    0x5c  Code  Lc  timeouts.o [8]
sys_timeouts_init        0x800'766d    0x22  Code  Gb  timeouts.o [8]
tcp_abandon              0x800'2901    0xd8  Code  Gb  tcp.o [8]
tcp_abort                0x800'29f5     0x4  Code  Gb  tcp.o [8]
tcp_accept               0x800'34a7     0xc  Code  Gb  tcp.o [8]
tcp_accept_null          0x800'2ab9    0x26  Code  Lc  tcp.o [8]
tcp_active_pcbs         0x2000'002c     0x4  Data  Gb  tcp.o [8]
tcp_active_pcbs_changed
                        0x2000'001c     0x1  Data  Gb  tcp.o [8]
tcp_alloc                0x800'330d   0x112  Code  Gb  tcp.o [8]
tcp_arg                  0x800'342d     0x6  Code  Gb  tcp.o [8]
tcp_backoff              0x800'3868    0x10  Data  Lc  tcp.o [8]
tcp_bind                 0x800'29f9    0xa8  Code  Gb  tcp.o [8]
tcp_bound_pcbs          0x2000'0024     0x4  Data  Gb  tcp.o [8]
tcp_close                0x800'28b5    0x32  Code  Gb  tcp.o [8]
tcp_close_shutdown       0x800'2645   0x178  Code  Lc  tcp.o [8]
tcp_close_shutdown_fin   0x800'27bd    0x72  Code  Lc  tcp.o [8]
tcp_create_segment       0x800'01c1    0xc8  Code  Lc  tcp_out.o [8]
tcp_eff_send_mss_netif   0x800'3635    0x36  Code  Gb  tcp.o [8]
tcp_enqueue_flags        0x800'0ae5   0x11a  Code  Gb  tcp_out.o [8]
tcp_err                  0x800'347b    0x24  Code  Gb  tcp.o [8]
tcp_fasttmr              0x800'30ff    0x62  Code  Gb  tcp.o [8]
tcp_free                 0x800'25e9    0x28  Code  Gb  tcp.o [8]
tcp_free_acked_segments
                         0x800'55cd    0x9c  Code  Lc  tcp_in.o [8]
tcp_free_ooseq           0x800'36f9    0x12  Code  Gb  tcp.o [8]
tcp_get_next_optbyte     0x800'5dc9    0x24  Code  Lc  tcp_in.o [8]
tcp_init                 0x800'25d1    0x16  Code  Gb  tcp.o [8]
tcp_input                0x800'4b89   0x8ac  Code  Gb  tcp_in.o [8]
tcp_input_delayed_close
                         0x800'5507    0x4a  Code  Lc  tcp_in.o [8]
tcp_input_pcb           0x2000'b2f4     0x4  Data  Gb  tcp_in.o [8]
tcp_keepalive            0x800'132d    0x50  Code  Gb  tcp_out.o [8]
tcp_kill_state           0x800'32b5    0x54  Code  Lc  tcp.o [8]
tcp_listen_pcbs         0x2000'0028     0x4  Data  Gb  tcp.o [8]
tcp_listen_with_backlog
                         0x800'2b01     0x2  Code  Gb  tcp.o [8]
tcp_listen_with_backlog_and_err
                         0x800'2b03    0xb6  Code  Gb  tcp.o [8]
tcp_netif_ip_addr_changed
                         0x800'369d    0x42  Code  Gb  tcp.o [8]
tcp_netif_ip_addr_changed_pcblist
                         0x800'366b    0x32  Code  Lc  tcp.o [8]
tcp_new                  0x800'3425     0x2  Code  Gb  tcp.o [8]
tcp_new_port             0x800'2cc5    0x4c  Code  Lc  tcp.o [8]
tcp_next_iss             0x800'360d    0x22  Code  Gb  tcp.o [8]
tcp_next_iss::iss       0x2000'0034     0x4  Data  Lc  tcp.o [8]
tcp_oos_insert_segment   0x800'5551    0x7c  Code  Lc  tcp_in.o [8]
tcp_optidx              0x2000'b2d8     0x2  Data  Lc  tcp_in.o [8]
tcp_output               0x800'0c17   0x2dc  Code  Gb  tcp_out.o [8]
tcp_output_alloc_header
                         0x800'1153    0x48  Code  Lc  tcp_out.o [8]
tcp_output_alloc_header_common
                         0x800'10c3    0x88  Code  Lc  tcp_out.o [8]
tcp_output_control_segment
                         0x800'11e7    0x58  Code  Lc  tcp_out.o [8]
tcp_output_fill_options
                         0x800'119b    0x46  Code  Lc  tcp_out.o [8]
tcp_output_segment_busy
                         0x800'0ef9    0x26  Code  Lc  tcp_out.o [8]
tcp_parseopt             0x800'5ded    0x76  Code  Lc  tcp_in.o [8]
tcp_pbuf_prealloc        0x800'02c1    0xa2  Code  Lc  tcp_out.o [8]
tcp_pcb_lists            0x800'2d10    0x10  Data  Gb  tcp.o [8]
tcp_pcb_purge            0x800'34f9    0x60  Code  Gb  tcp.o [8]
tcp_pcb_remove           0x800'3559    0xae  Code  Gb  tcp.o [8]
tcp_persist_backoff      0x800'3878     0x8  Data  Lc  tcp.o [8]
tcp_poll                 0x800'34b3    0x3e  Code  Gb  tcp.o [8]
tcp_port                0x2000'00d0     0x2  Data  Lc  tcp.o [8]
tcp_process_refused_data
                         0x800'3171    0x82  Code  Gb  tcp.o [8]
tcp_receive              0x800'5691   0x70c  Code  Lc  tcp_in.o [8]
tcp_recv                 0x800'3433    0x24  Code  Gb  tcp.o [8]
tcp_recv_null            0x800'3275    0x36  Code  Gb  tcp.o [8]
tcp_recved               0x800'2c3d    0x70  Code  Gb  tcp.o [8]
tcp_rexmit               0x800'0feb    0x6c  Code  Gb  tcp_out.o [8]
tcp_rexmit_fast          0x800'105f    0x64  Code  Gb  tcp_out.o [8]
tcp_rexmit_rto           0x800'0fbf    0x2c  Code  Gb  tcp_out.o [8]
tcp_rexmit_rto_commit    0x800'0f93    0x2c  Code  Gb  tcp_out.o [8]
tcp_rexmit_rto_prepare   0x800'0f1f    0x6c  Code  Gb  tcp_out.o [8]
tcp_route                0x800'01ad    0x12  Code  Lc  tcp_out.o [8]
tcp_rst                  0x800'123f    0x86  Code  Gb  tcp_out.o [8]
tcp_seg_copy             0x800'323b    0x3a  Code  Gb  tcp.o [8]
tcp_seg_free             0x800'3205    0x1c  Code  Gb  tcp.o [8]
tcp_segs_free            0x800'31f3    0x12  Code  Gb  tcp.o [8]
tcp_send_empty_ack       0x800'12c5    0x66  Code  Gb  tcp_out.o [8]
tcp_send_fin             0x800'0a97    0x4e  Code  Gb  tcp_out.o [8]
tcp_sent                 0x800'3457    0x24  Code  Gb  tcp.o [8]
tcp_server_accept        0x800'afc1    0x58  Code  Lc  tcp_echoserver.o [3]
tcp_server_connection_close
                         0x800'b19d    0x40  Code  Lc  tcp_echoserver.o [3]
tcp_server_error         0x800'b0a5     0xa  Code  Lc  tcp_echoserver.o [3]
tcp_server_init          0x800'af89    0x38  Code  Gb  tcp_echoserver.o [3]
tcp_server_poll          0x800'b0b1    0x38  Code  Lc  tcp_echoserver.o [3]
tcp_server_recv          0x800'b019    0x80  Code  Lc  tcp_echoserver.o [3]
tcp_server_send          0x800'b11f    0x6c  Code  Lc  tcp_echoserver.o [3]
tcp_server_sent          0x800'b0e9    0x2e  Code  Lc  tcp_echoserver.o [3]
tcp_setprio              0x800'3221    0x1a  Code  Gb  tcp.o [8]
tcp_slowtmr              0x800'2d45   0x3ac  Code  Gb  tcp.o [8]
tcp_split_unsent_seg     0x800'092f   0x162  Code  Gb  tcp_out.o [8]
tcp_ticks               0x2000'0020     0x4  Data  Gb  tcp.o [8]
tcp_timer               0x2000'b401     0x1  Data  Lc  tcp.o [8]
tcp_timer_ctr           0x2000'001d     0x1  Data  Lc  tcp.o [8]
tcp_timer_needed         0x800'75c1    0x24  Code  Gb  timeouts.o [8]
tcp_tmr                  0x800'2625    0x1e  Code  Gb  tcp.o [8]
tcp_trigger_input_pcb_close
                         0x800'5e63     0xc  Code  Gb  tcp_in.o [8]
tcp_tw_pcbs             0x2000'0030     0x4  Data  Gb  tcp.o [8]
tcp_update_rcv_ann_wnd   0x800'2bb9    0x66  Code  Gb  tcp.o [8]
tcp_write                0x800'0399   0x4f6  Code  Gb  tcp_out.o [8]
tcp_zero_window_probe    0x800'1389    0xbc  Code  Gb  tcp_out.o [8]
tcphdr                  0x2000'b2e0     0x4  Data  Lc  tcp_in.o [8]
tcphdr_opt1len          0x2000'b2d6     0x2  Data  Lc  tcp_in.o [8]
tcphdr_opt2             0x2000'b2e4     0x4  Data  Lc  tcp_in.o [8]
tcphdr_optlen           0x2000'b2d4     0x2  Data  Lc  tcp_in.o [8]
tcpip_tcp_timer          0x800'7599    0x28  Code  Lc  timeouts.o [8]
tcpip_tcp_timer_active  0x2000'b3ec     0x4  Data  Lc  timeouts.o [8]
tcplen                  0x2000'b2dc     0x2  Data  Lc  tcp_in.o [8]
udp_init                 0x800'38f9    0x16  Code  Gb  udp.o [8]
udp_input                0x800'390f   0x196  Code  Gb  udp.o [8]
udp_netif_ip_addr_changed
                         0x800'3aa5    0x30  Code  Gb  udp.o [8]
udp_pcbs                0x2000'003c     0x4  Data  Gb  udp.o [8]
udp_port                0x2000'0038     0x2  Data  Lc  udp.o [8]
uwTick                  0x2000'0010     0x4  Data  Gb  stm32f4xx_hal.o [7]
uwTickFreq              0x2000'000c     0x1  Data  Gb  stm32f4xx_hal.o [7]
uwTickPrio              0x2000'0014     0x4  Data  Gb  stm32f4xx_hal.o [7]


[1] = C:\Cube\Invertor\EWARM\Invertor\Obj\Application\EWARM
[2] = C:\Cube\Invertor\EWARM\Invertor\Obj\Application\User\Core
[3] = C:\Cube\Invertor\EWARM\Invertor\Obj\Application\User\Core\Lib
[4] = C:\Cube\Invertor\EWARM\Invertor\Obj\Application\User\LWIP\App
[5] = C:\Cube\Invertor\EWARM\Invertor\Obj\Application\User\LWIP\Target
[6] = C:\Cube\Invertor\EWARM\Invertor\Obj\Drivers\CMSIS
[7] = C:\Cube\Invertor\EWARM\Invertor\Obj\Drivers\STM32F4xx_HAL_Driver
[8] = C:\Cube\Invertor\EWARM\Invertor\Obj\Middlewares\LwIP
[9] = dl7M_tlf.a
[10] = m7M_tls.a
[11] = rt7M_tl.a
[12] = shb_l.a

  49'699 bytes of readonly  code memory
   7'009 bytes of readonly  data memory
  47'616 bytes of readwrite data memory

Errors: none
Warnings: none
